// Jest Snapshot v1, https://goo.gl/fbAQLP

exports[`<CheckoutModal /> renders CheckoutModal correctly 1`] = `
<Modal
  ariaHideApp={true}
  bodyOpenClassName="ReactModal__Body--open"
  className="checkout-modal"
  closeTimeoutMS={0}
  isOpen={true}
  onRequestClose={[Function]}
  parentSelector={[Function]}
  portalClassName="ReactModalPortal"
  shouldCloseOnEsc={true}
  shouldCloseOnOverlayClick={true}
  shouldFocusAfterRender={true}
  shouldReturnFocusAfterClose={true}
>
  <div
    className="order"
  >
    <h1>
      Checkout Information
    </h1>
    <p>
      <i>
        Please read the list of items in your order and click "Confirm" to confirm your order.
      </i>
    </p>
    <table>
      <thead>
        <tr>
          <th>
            Product Name
          </th>
          <th>
            Price
          </th>
          <th>
            Quantity
          </th>
          <th>
            Total
          </th>
        </tr>
      </thead>
      <tbody>
        <tr
          key="Apple iPhone"
        >
          <td>
            Apple iPhone
          </td>
          <td>
            $700.00
          </td>
          <td>
            1
          </td>
          <td>
            $700.00
          </td>
        </tr>
        <tr
          key="Samsung Galaxy S8"
        >
          <td>
            Samsung Galaxy S8
          </td>
          <td>
            $750.00
          </td>
          <td>
            2
          </td>
          <td>
            $1,500.00
          </td>
        </tr>
      </tbody>
    </table>
    <p
      className="total"
    >
      <b>
        TOTAL AMOUNT: 
      </b>
      <span>
        $2,200.00
      </span>
    </p>
    <div
      className="btns"
    >
      <RaisedButton
        className="btn"
        disabled={false}
        fullWidth={false}
        label="Cancel"
        labelPosition="after"
        onClick={[Function]}
        primary={true}
        secondary={false}
      />
      <RaisedButton
        backgroundColor="#64DD17"
        className="btn"
        disabled={false}
        fullWidth={false}
        label="Confirm"
        labelColor="#fff"
        labelPosition="after"
        onClick={[Function]}
        primary={false}
        secondary={false}
      />
    </div>
  </div>
</Modal>
`;
