// Jest Snapshot v1, https://goo.gl/fbAQLP

exports[`<Footer /> renders Footer correctly 1`] = `
<div
  className="footer"
>
  <p>
    MobileShop Â© 2018
  </p>
</div>
`;
