// Jest Snapshot v1, https://goo.gl/fbAQLP

exports[`<Homepage /> renders Homepage correctly 1`] = `
<div
  className="homepage-container"
>
  <div
    className="filtersList-desktop"
  >
    <Connect(FiltersList) />
  </div>
  <Connect(Products) />
</div>
`;
