// Jest Snapshot v1, https://goo.gl/fbAQLP

exports[`<LoginModal /> renders LoginModal correctly 1`] = `
<Modal
  ariaHideApp={true}
  bodyOpenClassName="ReactModal__Body--open"
  className="login-modal"
  closeTimeoutMS={0}
  isOpen={false}
  parentSelector={[Function]}
  portalClassName="ReactModalPortal"
  shouldCloseOnEsc={true}
  shouldCloseOnOverlayClick={true}
  shouldFocusAfterRender={true}
  shouldReturnFocusAfterClose={true}
>
  <form
    action="/auth/login"
    className="form"
    method="POST"
  >
    <h1>
      Log In
    </h1>
    <TextField
      autoFocus={true}
      disabled={false}
      floatingLabelFixed={false}
      floatingLabelText="Username"
      fullWidth={false}
      hintText="Enter Username"
      multiLine={false}
      name="username"
      rows={1}
      type="text"
      underlineShow={true}
    />
    <br />
    <TextField
      disabled={false}
      floatingLabelFixed={false}
      floatingLabelText="Password"
      fullWidth={false}
      hintText="Enter Password"
      multiLine={false}
      name="password"
      rows={1}
      type="password"
      underlineShow={true}
    />
    <br />
    <RaisedButton
      className="btn"
      disabled={false}
      fullWidth={false}
      label="Submit"
      labelPosition="after"
      primary={true}
      secondary={false}
      type="submit"
    />
    <p>
      Don't have an account yet? 
      <a>
        Register here
      </a>
      .
    </p>
  </form>
</Modal>
`;
