// Jest Snapshot v1, https://goo.gl/fbAQLP

exports[`<NotFound /> renders NotFound correctly 1`] = `
<div
  className="not-found-container"
>
  <div
    className="not-found"
  >
    <h1>
      404
    </h1>
    <h3>
      Page Not Found
    </h3>
  </div>
</div>
`;
