// Jest Snapshot v1, https://goo.gl/fbAQLP

exports[`<OrderSuccessModal /> renders OrderSuccessModal correctly 1`] = `
<Modal
  ariaHideApp={true}
  bodyOpenClassName="ReactModal__Body--open"
  className="order-success-modal"
  closeTimeoutMS={0}
  isOpen={false}
  onRequestClose={[Function]}
  parentSelector={[Function]}
  portalClassName="ReactModalPortal"
  shouldCloseOnEsc={true}
  shouldCloseOnOverlayClick={true}
  shouldFocusAfterRender={true}
  shouldReturnFocusAfterClose={true}
>
  <div
    className="success"
  >
    <h1>
      Success!
    </h1>
    <img
      src="/img/success.gif"
    />
    <br />
    <p>
      Your order has been received. The items you've ordered will be sent to your address.
    </p>
    <RaisedButton
      className="btn"
      disabled={false}
      fullWidth={false}
      label="OK"
      labelPosition="after"
      onClick={[Function]}
      primary={true}
      secondary={false}
    />
  </div>
</Modal>
`;
