// Jest Snapshot v1, https://goo.gl/fbAQLP

exports[`<Product /> renders Product correctly 1`] = `
<div
  className="product"
>
  <div
    className="content"
  >
    <img
      src="/img/samsung_galaxy_s8.jpg"
    />
    <div
      className="content-left"
    >
      <h3>
        Samsung Galaxy S8
      </h3>
      <div
        className="content-info"
      >
        <div>
          <b>
            Display size: 
          </b>
          <span>
            5.8"
          </span>
        </div>
        <div>
          <b>
            Display resolution: 
          </b>
          <span>
            1440 x 2960 pixels
          </span>
        </div>
        <div>
          <b>
            CPU: 
          </b>
          <span>
            Octa-core (4x2.3 GHz & 4x1.7 GHz) - EMEA
          </span>
        </div>
        <div>
          <b>
            Internal memory: 
          </b>
          <span>
            64 GB
          </span>
        </div>
        <div>
          <b>
            RAM: 
          </b>
          <span>
            4 GB
          </span>
        </div>
        <div>
          <b>
            Camera: 
          </b>
          <span>
            12 MP (f/1.7, 26mm, 1/2.5", 1.4 Âµm, Dual Pixel PDA...
          </span>
        </div>
      </div>
    </div>
    <div
      className="content-right"
    >
      <div
        className="content-info"
      >
        <p>
          <b>
            Price:
          </b>
        </p>
        <h2>
          $720.00
        </h2>
      </div>
      <RaisedButton
        className="btn"
        containerElement={
          <Link
            replace={false}
            to="/product/undefined"
          />
        }
        disabled={false}
        fullWidth={false}
        icon={<ImageNavigateNext />}
        label="See more"
        labelPosition="before"
        primary={true}
        secondary={false}
      />
    </div>
  </div>
</div>
`;
