// Jest Snapshot v1, https://goo.gl/fbAQLP

exports[`<ProductDetails /> renders ProductDetails correctly 1`] = `
<div
  className="product-details-container"
>
  <h1>
    Samsung Galaxy S8
  </h1>
  <div
    className="product-details"
  >
    <div
      className="product-image"
    >
      <img
        src="/img/samsung_galaxy_s8.jpg"
      />
    </div>
    <div
      className="product-info"
    >
      <table>
        <tr>
          <th>
            Model
          </th>
          <td>
            Samsung Galaxy S8
          </td>
        </tr>
        <tr>
          <th>
            Dimensions
          </th>
          <td>
            148.9 x 68.1 x 8 mm
          </td>
        </tr>
        <tr>
          <th>
            Weight
          </th>
          <td>
            155 g
          </td>
        </tr>
        <tr>
          <th>
            Display Type
          </th>
          <td>
            Super AMOLED capacitive touchscreen, 16M colors
          </td>
        </tr>
        <tr>
          <th>
            Display Size
          </th>
          <td>
            5.8"
          </td>
        </tr>
        <tr>
          <th>
            Display Resolution
          </th>
          <td>
            1440 x 2960 pixels
          </td>
        </tr>
        <tr>
          <th>
            OS
          </th>
          <td>
            Android 7.0 (Nougat)
          </td>
        </tr>
        <tr>
          <th>
            CPU
          </th>
          <td>
            Octa-core (4x2.3 GHz & 4x1.7 GHz) - EMEA
          </td>
        </tr>
        <tr>
          <th>
            Internal Memory
          </th>
          <td>
            64 GB
          </td>
        </tr>
        <tr>
          <th>
            RAM
          </th>
          <td>
            4 GB
          </td>
        </tr>
        <tr>
          <th>
            Camera
          </th>
          <td>
            12 MP (f/1.7, 26mm, 1/2.5", 1.4 Âµm, Dual Pixel PDAF), phase detection autofocus, OIS
          </td>
        </tr>
        <tr>
          <th>
            Batery
          </th>
          <td>
            Non-removable Li-Ion 3000 mAh battery
          </td>
        </tr>
        <tr>
          <th>
            Color
          </th>
          <td>
            Midnight Black
          </td>
        </tr>
      </table>
      <Snackbar
        autoHideDuration={4000}
        bodyStyle={
          Object {
            "background": "#64DD17",
          }
        }
        message="Item added to your cart."
        open={false}
      />
    </div>
  </div>
  <div
    className="product-handle"
  >
    <div
      className="left"
    >
      <RaisedButton
        className="btn"
        containerElement={
          <Link
            replace={false}
            to="/"
          />
        }
        disabled={false}
        fullWidth={false}
        icon={<HardwareKeyboardArrowLeft />}
        label="Back to catalog"
        labelPosition="after"
        primary={false}
        secondary={true}
      />
    </div>
    <div
      className="right"
    >
      <div
        className="price"
      >
        <span
          className="price-text"
        >
          Price: 
        </span>
        <span
          className="price-num"
        >
          $720.00
        </span>
      </div>
      <div
        className="quantity"
      >
        <span
          className="price-text"
        >
          Quantity: 
        </span>
        <span>
          <input
            max="5"
            min="1"
            onChange={[Function]}
            type="number"
            value={1}
          />
        </span>
      </div>
      <div
        className="btn"
      >
        <RaisedButton
          disabled={false}
          fullWidth={false}
          icon={<ActionAddShoppingCart />}
          label="Add to cart"
          labelPosition="before"
          onClick={[Function]}
          primary={true}
          secondary={false}
        />
      </div>
    </div>
  </div>
</div>
`;
